add new log